error: null value in column "shop_no" of relation "shops" violates not-null constraint
    at D:\Development\DMR-Poultries-ERP\backend\node_modules\pg-pool\index.js:45:11
    at process.processTicksAndRejections (node:internal/process/task_queues:104:5)
    at async Object.upsertShop (D:\Development\DMR-Poultries-ERP\backend\src\services\mastersService.ts:333:22)
    at async <anonymous> (D:\Development\DMR-Poultries-ERP\backend\src\routes\masters.ts:125:7) {
  length: 357,
  severity: 'ERROR',
  code: '23502',
  detail: 'Failing row contains (6, null, API Test Shop, Test Owner, 9999999999, TestVillage, Updated, Active, 2026-08-11 10:12:23.184689+05:30, 2026-08-11 10:12:23.203191+05:30, 2500.75).',
  hint: undefined,
  position: undefined,
  internalPosition: undefined,
  internalQuery: undefined,
  where: undefined,
  schema: 'public',
  table: 'shops',
  column: 'shop_no',
  dataType: undefined,
  constraint: undefined,
  file: 'execMain.c',
  line: '2219',
  routine: 'ReportNotNullViolationError'
}
