
> dmr-poultries-backend@1.0.0 test
> node -r ./tests/helpers/osUserInfoShim.cjs --import tsx --test tests/tripAuthorization.test.ts tests/tripValidation.test.ts tests/tripNumbering.test.ts tests/tripList.test.ts tests/bulkImport.test.ts tests/mastersValidation.test.ts tests/salaryLifecycle.test.ts tests/dutyPlannerWeekly.test.ts tests/rateEntryShopSales.test.ts tests/tripDeliveryCapacity.test.ts tests/shopSalesFlow.test.ts tests/collectionEntry.test.ts tests/shopLedger.test.ts tests/step4DeliveryPersistence.test.ts tests/tripMultiLoad.test.ts tests/deletedTripMeterExclusion.test.ts tests/tripMeterLock.test.ts

Γû╢ POST /api/masters/shops/bulk
  Γ£ö 1. accepts a valid single-row batch and returns the batch result (138.5847ms)
  Γ£ö 2. accepts a valid multi-row batch and inserts every row (69.9293ms)
  Γ£ö 3. rejects an empty array with 400 (34.3769ms)
  Γ£ö 4. rejects a non-array request body with 400 (24.933ms)
  Γ£ö 5. rejects a row missing the required field with 400 and useful details (45.3054ms)
  Γ£ö 6. rejects an invalid data type with 400 (38.1571ms)
  Γ£ö 7. rejects an invalid status value with 400 (30.6306ms)
  Γ£ö 8. rejects an invalid phone number with 400 (25.1109ms)
  Γ£ö 10. rejects duplicate rows inside the uploaded batch with 409 (22.4791ms)
  Γ£ö 11. rejects duplicated master numbers inside the batch with 409 (20.8767ms)
  Γ£ö 12. rejects conflicts with existing database records with 409 (67.0213ms)
  Γ£ö 13. rolls back the whole batch when any row is invalid, then imports all valid rows (85.5974ms)
  Γ£ö 14. rolls back the transaction when a database constraint fails mid-batch (22.501ms)
  Γ£ö 15. auto-assigns master numbers when omitted and never collides with provided ones (60.5975ms)
  Γ£ö 17. ignores unknown/obsolete fields instead of persisting them (48.8549ms)
Γ£ö POST /api/masters/shops/bulk (742.693ms)
Γû╢ POST /api/masters/vehicles/bulk
  Γ£ö 1. accepts a valid single-row batch and returns the batch result (62.5817ms)
  Γ£ö 2. accepts a valid multi-row batch and inserts every row (73.1961ms)
  Γ£ö 3. rejects an empty array with 400 (25.3525ms)
  Γ£ö 4. rejects a non-array request body with 400 (18.2629ms)
  Γ£ö 5. rejects a row missing the required field with 400 and useful details (18.173ms)
  Γ£ö 6. rejects an invalid data type with 400 (18.9199ms)
  Γ£ö 7. rejects an invalid status value with 400 (21.96ms)
  Γ£ö 9. rejects an invalid date with 400 (18.8958ms)
  Γ£ö 10. rejects duplicate rows inside the uploaded batch with 409 (18.5886ms)
  Γ£ö 11. rejects duplicated master numbers inside the batch with 409 (25.8897ms)
  Γ£ö 12. rejects conflicts with existing database records with 409 (57.3905ms)
  Γ£ö 13. rolls back the whole batch when any row is invalid, then imports all valid rows (73.5595ms)
  Γ£ö 14. rolls back the transaction when a database constraint fails mid-batch (22.4247ms)
  Γ£ö 15. auto-assigns master numbers when omitted and never collides with provided ones (51.5186ms)
  Γ£ö 16. accepts CSV-style numeric strings (32.7715ms)
  Γ£ö 17. ignores unknown/obsolete fields instead of persisting them (46.5584ms)
Γ£ö POST /api/masters/vehicles/bulk (589.3831ms)
Γû╢ POST /api/masters/employees/bulk
  Γ£ö 1. accepts a valid single-row batch and returns the batch result (54.3393ms)
  Γ£ö 2. accepts a valid multi-row batch and inserts every row (64.3843ms)
  Γ£ö 3. rejects an empty array with 400 (28.4142ms)
  Γ£ö 4. rejects a non-array request body with 400 (18.0486ms)
  Γ£ö 5. rejects a row missing the required field with 400 and useful details (18.6253ms)
  Γ£ö 6. rejects an invalid data type with 400 (25.1934ms)
  Γ£ö 7. rejects an invalid status value with 400 (18.8102ms)
  Γ£ö 8. rejects an invalid phone number with 400 (20.8712ms)
  Γ£ö 9. rejects an invalid date with 400 (17.5904ms)
  Γ£ö 10. rejects duplicate rows inside the uploaded batch with 409 (17.6768ms)
  Γ£ö 11. rejects duplicated master numbers inside the batch with 409 (16.71ms)
  Γ£ö 12. rejects conflicts with existing database records with 409 (56.1836ms)
  Γ£ö 13. rolls back the whole batch when any row is invalid, then imports all valid rows (120.2406ms)
  Γ£ö 14. rolls back the transaction when a database constraint fails mid-batch (24.9871ms)
  Γ£ö 15. auto-assigns master numbers when omitted and never collides with provided ones (48.8821ms)
  Γ£ö 16. accepts CSV-style numeric strings (27.3117ms)
  Γ£ö 17. ignores unknown/obsolete fields instead of persisting them (42.6189ms)
Γ£ö POST /api/masters/employees/bulk (624.2268ms)
Γû╢ POST /api/masters/farms/bulk
  Γ£ö 1. accepts a valid single-row batch and returns the batch result (41.6736ms)
  Γ£ö 2. accepts a valid multi-row batch and inserts every row (42.1658ms)
  Γ£ö 3. rejects an empty array with 400 (19.8763ms)
  Γ£ö 4. rejects a non-array request body with 400 (25.9107ms)
  Γ£ö 5. rejects a row missing the required field with 400 and useful details (20.554ms)
  Γ£ö 6. rejects an invalid data type with 400 (18.9352ms)
  Γ£ö 7. rejects an invalid status value with 400 (17.9285ms)
  Γ£ö 8. rejects an invalid phone number with 400 (19.0538ms)
  Γ£ö 10. rejects duplicate rows inside the uploaded batch with 409 (17.7662ms)
  Γ£ö 11. rejects duplicated master numbers inside the batch with 409 (18.0713ms)
  Γ£ö 12. rejects conflicts with existing database records with 409 (50.1669ms)
  Γ£ö 13. rolls back the whole batch when any row is invalid, then imports all valid rows (58.7423ms)
  Γ£ö 14. rolls back the transaction when a database constraint fails mid-batch (18.3293ms)
  Γ£ö 15. auto-assigns master numbers when omitted and never collides with provided ones (43.3957ms)
  Γ£ö 16. accepts CSV-style numeric strings (26.7135ms)
  Γ£ö 17. ignores unknown/obsolete fields instead of persisting them (33.2379ms)
Γ£ö POST /api/masters/farms/bulk (475.4766ms)
Γû╢ POST /api/masters/bird-types/bulk
  Γ£ö 1. accepts a valid single-row batch and returns the batch result (47.3319ms)
  Γ£ö 2. accepts a valid multi-row batch and inserts every row (56.4332ms)
  Γ£ö 3. rejects an empty array with 400 (25.6465ms)
  Γ£ö 4. rejects a non-array request body with 400 (19.8514ms)
  Γ£ö 5. rejects a row missing the required field with 400 and useful details (18.1151ms)
  Γ£ö 6. rejects an invalid data type with 400 (20.5243ms)
  Γ£ö 7. rejects an invalid status value with 400 (19.7659ms)
  Γ£ö 10. rejects duplicate rows inside the uploaded batch with 409 (18.8837ms)
  Γ£ö 11. rejects duplicated master numbers inside the batch with 409 (20.801ms)
  Γ£ö 12. rejects conflicts with existing database records with 409 (50.6751ms)
  Γ£ö 13. rolls back the whole batch when any row is invalid, then imports all valid rows (69.3841ms)
  Γ£ö 14. rolls back the transaction when a database constraint fails mid-batch (20.8398ms)
  Γ£ö 15. auto-assigns master numbers when omitted and never collides with provided ones (44.9875ms)
  Γ£ö 16. accepts CSV-style numeric strings (27.4436ms)
  Γ£ö 17. ignores unknown/obsolete fields instead of persisting them (101.3ms)
Γ£ö POST /api/masters/bird-types/bulk (565.0265ms)
Γû╢ existing singular master CRUD regression
  Γ£ö POST/PUT/DELETE still work for all five masters (378.8042ms)
  Γ£ö singular endpoints remain reachable and unaffected by the new /bulk routes (59.9853ms)
Γ£ö existing singular master CRUD regression (439.3843ms)
Error: read ECONNRESET
    at TCP.onStreamRead (node:internal/stream_base_commons:216:20) {
  errno: -4077,
  code: 'ECONNRESET',
  syscall: 'read'
}
Error: read ECONNRESET
    at TCP.onStreamRead (node:internal/stream_base_commons:216:20) {
  errno: -4077,
  code: 'ECONNRESET',
  syscall: 'read'
}
Γû╢ Collection numbering ΓÇö permanent, unique, no reuse
  Γ£ö 1-3. Col-YYYYMMDD-001, -002 then delete #002, next = #003 (1532.3254ms)
  Γ£ö 4. Status transitions (approve/reject/delete) preserve the same number (800.7763ms)
  Γ£ö Game: concurrent creates on the same day yield distinct, gap-free numbers (674.5485ms)
  Γ£ö DB UNIQUE enforces uniqueness of collection_no (12.9022ms)
Γ£ö Collection numbering ΓÇö permanent, unique, no reuse (3027.4087ms)
Γû╢ Collection approval credits the Shop and snapshots balances
  Γ£ö 5-9. opening 10000 + sale 5000 ΓåÆ 15000; collect 2000 ΓåÆ 13000, snapshots correct (612.1898ms)
  Γ£ö Ledger reconciles: opening + sale ΓêÆ collections = current outstanding (510.3557ms)
Γ£ö Collection approval credits the Shop and snapshots balances (1123.4297ms)
Γû╢ Shop Sales debit and correction synchronization
  Γ£ö 10. Sale debit increases outstanding once at rate lock (451.6608ms)
  Γ£ö 11. Shop Sale correction changes the Shop outstanding by the DIFFERENCE (493.3ms)
Γ£ö Shop Sales debit and correction synchronization (946.1037ms)
Γû╢ Collection edit/approve/delete idempotency
  Γ£ö 12. Editing an approved collection applies the DIFFERENCE only (453.5861ms)
  Γ£ö 13. Approving twice never credits twice (501.579ms)
  Γ£ö 14. Deleting twice never reverses twice (476.4112ms)
  Γ£ö 15. Rejecting a pending collection has no financial effect (424.7596ms)
Γ£ö Collection edit/approve/delete idempotency (1858.0239ms)
Γû╢ Collection prerequisite gating cannot be bypassed
  Γ£ö 16. Collection against a non-rate-locked trip is rejected (338.3784ms)
  Γ£ö 17. Amount > outstanding and amount = 0 are rejected (324.4671ms)
Γ£ö Collection prerequisite gating cannot be bypassed (663.5166ms)
Γû╢ Concurrency
  Γ£ö 18. Two simultaneous approvals for one shop end with the correct balance (355.5822ms)
Γ£ö Concurrency (356.0854ms)
Γû╢ HTTP API and transaction safety
  Γ£ö 19. POST /collection-entry then live-status reasons about the number and status (406.048ms)
  Γ£ö 20. Transaction rollback: failed approval leaves no partial financial state (374.0433ms)
Γ£ö HTTP API and transaction safety (780.9372ms)
Error: read ECONNRESET
    at TCP.onStreamRead (node:internal/stream_base_commons:216:20) {
  errno: -4077,
  code: 'ECONNRESET',
  syscall: 'read'
}
Error: read ECONNRESET
    at TCP.onStreamRead (node:internal/stream_base_commons:216:20) {
  errno: -4077,
  code: 'ECONNRESET',
  syscall: 'read'
}
Γû╢ deleted trip meter exclusion
  Γ£ö ignores fuel synced from a deleted trip in last-meter lookup (291.5888ms)
  Γ£ö excludes the edited trip's own meters from last-meter lookup (113.4422ms)
  Γ£ö lets a trip close after its own diesel bills while retaining cross-trip chronology (155.9778ms)
Γ£ö deleted trip meter exclusion (582.7817ms)
Γû╢ Duty Planner ΓÇö previous (Closed) weeks
  Γ£ö reports a completed week as Closed even though the stored row is Open (156.4068ms)
  Γ£ö cannot submit a Closed week (57.3147ms)
Γ£ö Duty Planner ΓÇö previous (Closed) weeks (299.6979ms)
Γû╢ Duty Planner ΓÇö current week lifecycle
  Γ£ö submits an Open week that passes validation (297.951ms)
  Γ£ö cannot submit an already-submitted week again (52.9383ms)
  Γ£ö a Submitted week rejects new duty assignments (9.4972ms)
  Γ£ö a Submitted week rejects auto-assign apply (101.6004ms)
Γ£ö Duty Planner ΓÇö current week lifecycle (464.7945ms)
Γû╢ Duty Planner ΓÇö date and concurrency integrity
  Γ£ö rejects impossible month-end dates and accepts leap day (72.2887ms)
  Γ£ö allows only one concurrent assignment for an employee and date (141.1004ms)
Γ£ö Duty Planner ΓÇö date and concurrency integrity (216.7528ms)
Γ£ö Masters params reject non-positive and non-numeric ids (43.5107ms)
Γ£ö Others master validates Bird and Fuel Bunk category-specific fields (11.0138ms)
Γ£ö employee validation rejects malformed identity and contact fields (2.034ms)
Γ£ö vehicle validation enforces capacities, dates, and EMI bounds (1.9245ms)
Γ£ö vehicle validation rejects impossible calendar dates and fractional EMI terms (1.6117ms)
Γ£ö shop validation accepts the complete API contract including WhatsApp (1.2789ms)
Γ£ö location resolver accepts coordinates but never resolves arbitrary URLs (5.9629ms)
Γ£ö location resolver prefers the place pin over the viewport centre (0.8962ms)
Γ£ö bulk validation is bounded and reports invalid rows atomically (4.6501ms)
Γû╢ Rate Entry -> Lock -> Shop Sales lifecycle
  Γ£ö trip is hidden from Rate Entry before Completed, visible after; hidden from Shop Sales until locked (1873.3311ms)
  Γ£ö locking twice is rejected (idempotent lock, no duplicate Shop Sales rows) (609.7604ms)
  Γ£ö Shop Sales create is rejected while Rate Entry is unlocked, even with a valid trip/shop (510.1542ms)
Γ£ö Rate Entry -> Lock -> Shop Sales lifecycle (2997.439ms)
Γû╢ Rate range validation (50-300 inclusive) is backend-enforced
  Γ£ö Rate Entry create rejects rates outside 50-300 via direct API, accepts the boundary values (645.6009ms)
  Γ£ö Rate Entry per-delivery rate lines are also range-checked (not just the header rate) (388.3312ms)
  Γ£ö Shop Sales edit rejects rates outside 50-300 within the edit window (570.9476ms)
Γ£ö Rate range validation (50-300 inclusive) is backend-enforced (1606.0809ms)
Γû╢ Shop Sales capacity validation
  Γ£ö rejects an edit that would push total birds/weight (incl. mortality) past the trip's loaded capacity (595.7239ms)
  Γ£ö combined birds+weight+rate edit is all-or-nothing: an invalid rate rolls back valid birds/weight too (466.3842ms)
Γ£ö Shop Sales capacity validation (1063.4707ms)
Γû╢ Duplicate Shop Sale prevention
  Γ£û an identical (trip, shop, birds, weight) create is rejected as a duplicate (419.5974ms)
Γ£û Duplicate Shop Sale prevention (421.4272ms)
Γû╢ 10-day Shop Sales edit window
  Γ£ö day 10 (inclusive) still allows edits; day 11 rejects everything, including delete (379.0724ms)
Γ£ö 10-day Shop Sales edit window (379.564ms)
Γû╢ Shop Sales soft-delete is permanently rejected once Rate Entry is locked
  Γ£ö A. locked, within the correction window (day 0): DELETE is rejected and delivery stays active (469.5278ms)
  Γ£ö B. locked exactly 10 days (inclusive boundary): DELETE is rejected with 409 (417.8694ms)
  Γ£ö C. locked 11 days: DELETE is rejected with 409 (362.2323ms)
  Γ£ö D. delivery remains active after a rejected DELETE (in-window case) (404.9489ms)
  Γ£ö E. normal existing Shop Sales behavior is unchanged: create/list/update still work within the window (453.3606ms)
Γ£ö Shop Sales soft-delete is permanently rejected once Rate Entry is locked (2108.8204ms)
Error: read ECONNRESET
    at TCP.onStreamRead (node:internal/stream_base_commons:216:20) {
  errno: -4077,
  code: 'ECONNRESET',
  syscall: 'read'
}
Error: read ECONNRESET
    at TCP.onStreamRead (node:internal/stream_base_commons:216:20) {
  errno: -4077,
  code: 'ECONNRESET',
  syscall: 'read'
}
Γû╢ Salary lifecycle ΓÇö Draft
  Γ£ö creates an editable Pending record with backend-computed totals (96.5955ms)
  Γ£ö edits a Draft record and recomputes totals from the supplied components (182.5814ms)
Γ£ö Salary lifecycle ΓÇö Draft (430.1717ms)
Γû╢ Salary lifecycle ΓÇö Submit freezes
  Γ£ö a Submitted record rejects edits (15.2789ms)
  Γ£ö a Submitted record cannot be submitted again (20.3511ms)
  Γ£ö a Submitted record cannot be deleted (14.3551ms)
  Γ£ö un-submit (Submitted ΓåÆ Pending) makes it editable again (66.849ms)
Γ£ö Salary lifecycle ΓÇö Submit freezes (174.1846ms)
Γû╢ Salary lifecycle ΓÇö Pay
  Γ£ö pays a Pending record, writing the payment reference atomically (276.7998ms)
  Γ£ö cannot pay the same salary twice (idempotency) (26.8796ms)
  Γ£ö pays a Submitted record directly (Pending/Submitted ΓåÆ Paid) (83.9353ms)
Γ£ö Salary lifecycle ΓÇö Pay (418.2801ms)
Γû╢ Salary lifecycle ΓÇö Mark-Unpaid correction window
  Γ£ö reverts a Paid record to Pending inside the window and clears the linkage (156.6277ms)
  Γ£ö rejects Mark-Unpaid once the 7-day correction window expired (35.1057ms)
Γ£ö Salary lifecycle ΓÇö Mark-Unpaid correction window (450.3887ms)
Γû╢ Salary lifecycle ΓÇö closed payroll month
  Γ£ö generateForMonth is rejected for a closed month (5.5057ms)
  Γ£ö createSalary is rejected for a closed month (28.9128ms)
  Γ£ö updateSalaryById and deletion are rejected for a closed month (23.1483ms)
Γ£ö Salary lifecycle ΓÇö closed payroll month (149.6587ms)
Γû╢ Salary lifecycle HTTP surface
  Γ£ö POST /api/staff/salaries/:id/submit is wired and validated (108.2082ms)
  Γ£ö the GET week-status endpoint agrees with the service (37.9865ms)
  Γ£ö submits and summarizes a whole month transactionally (171.4523ms)
  Γ£ö bulk-pays all selected records atomically and creates unique Accounts payments (109.273ms)
  Γ£ö queues payslip email/WhatsApp idempotently and serves a valid canonical PDF (121.194ms)
Γ£ö Salary lifecycle HTTP surface (549.3474ms)
Error: read ECONNRESET
    at TCP.onStreamRead (node:internal/stream_base_commons:216:20) {
  errno: -4077,
  code: 'ECONNRESET',
  syscall: 'read'
}
Error: read ECONNRESET
    at TCP.onStreamRead (node:internal/stream_base_commons:216:20) {
  errno: -4077,
  code: 'ECONNRESET',
  syscall: 'read'
}
Γû╢ Shop Ledger ΓÇö complete history with shop + custom date range
  Γ£ö 1. Recent-10 is display-only: backend can still return all 12 collections (1480.513ms)
  Γ£ö 2. Ledger includes BOTH the sale DEBIT and the collection CREDIT with running balances (540.4308ms)
  Γ£ö 3. Custom date range is complete ΓÇö a late range returns only its matching tail (666.106ms)
  Γ£ö 4. Pagination never breaks the running balance (opening is full-history-derived) (471.4502ms)
  Γ£ö 5. Pending collection is NOT a ledger credit; approval adds it exactly once (494.8988ms)
  Γ£ö 6. HTTP GET /operations/shop-ledger returns opening + complete range (540.0696ms)
  Γ£ö 7. REQUIRED ΓÇö 11 approved collections: view = latest 10 only, ledger = all 11 credits + sale, transaction #1 never deleted (1219.1723ms)
Γ£ö Shop Ledger ΓÇö complete history with shop + custom date range (5419.1843ms)
Error: read ECONNRESET
    at TCP.onStreamRead (node:internal/stream_base_commons:216:20) {
  errno: -4077,
  code: 'ECONNRESET',
  syscall: 'read'
}
Error: read ECONNRESET
    at TCP.onStreamRead (node:internal/stream_base_commons:216:20) {
  errno: -4077,
  code: 'ECONNRESET',
  syscall: 'read'
}
Γû╢ Shop Sales visibility requires Rate Entry lock
  Γ£ö 1. Completed + rate_completed FALSE: Shop Sales list does NOT show the trip (380.3229ms)
  Γ£ö 2. Completed + rate_completed TRUE: Shop Sales list DOES show the trip (258.6044ms)
  Γ£ö 3. Shop Sales getById before Rate Lock is not visible (404) (177.5982ms)
  Γ£ö 4. Shop Sales create before Rate Lock is rejected (178.2362ms)
  Γ£ö 5. Shop Sales update after Rate Lock is allowed during the window (249.8469ms)
Γ£ö Shop Sales visibility requires Rate Entry lock (1247.4508ms)
Γû╢ Shop Sales pickup aggregate limits
  Γ£ö 6. Pickup birds 10000; aggregate 10001 -> rejected (422) (245.494ms)
  Γ£ö 7. Pickup weight 8000; aggregate 8001 -> rejected (422) (230.3768ms)
  Γ£ö 8. Valid aggregate edit within pickup limits -> allowed (235.6243ms)
Γ£ö Shop Sales pickup aggregate limits (712.2092ms)
Γû╢ Shop Sales amount recalculation
  Γ£ö 9. Changing weight recalculates amount = ROUND(weight * rate, 2) (206.1886ms)
  Γ£ö 10. Changing rate recalculates amount = ROUND(weight * rate, 2) (203.4884ms)
Γ£ö Shop Sales amount recalculation (410.092ms)
Γû╢ Shop Sales corrections reflect in Trip List
  Γ£û 11. Trip List delivery row reflects new birds/weight/rate/amount after Shop Sales edit (263.9609ms)
  Γ£ö 12. Trip List summary totals reflect new values after Shop Sales edit (297.0937ms)
Γ£û Shop Sales corrections reflect in Trip List (561.491ms)
Γû╢ 10-day correction window
  Γ£ö 13. Day 9: birds/weight/rate editable (241.9315ms)
  Γ£ö 14. Day 10 exactly: birds/weight/rate/amount rejected (242.5642ms)
  Γ£ö 15. Day 11: same rejection (177.8332ms)
Γ£ö 10-day correction window (662.7582ms)
Γû╢ Collections never creates or reopens the Rate Entry lock
  Γ£ö 16. Collections cannot unlock Rate Entry (TRUE -> FALSE impossible) (179.5497ms)
  Γ£ö 16b. Collections cannot independently create a Rate Entry lock (150.7131ms)
Γ£ö Collections never creates or reopens the Rate Entry lock (330.7444ms)
Γû╢ Database-level lock guards
  Γ£ö 17. Direct DB update after 10 days rejected (DB trigger) (172.738ms)
  Γ£ö 18. Delete after Rate Entry lock rejected (241ms)
Γ£ö Database-level lock guards (414.2314ms)
Error: read ECONNRESET
    at TCP.onStreamRead (node:internal/stream_base_commons:216:20) {
  errno: -4077,
  code: 'ECONNRESET',
  syscall: 'read'
}
Error: read ECONNRESET
    at TCP.onStreamRead (node:internal/stream_base_commons:216:20) {
  errno: -4077,
  code: 'ECONNRESET',
  syscall: 'read'
}
Γû╢ Step 4 per-shop persistence (saveDeliveries)
  Γ£ö accepts equal two-decimal weight despite floating-point accumulation noise (7.4506ms)
  Γ£ö saving one shop preserves shops already saved (no wipe) (1396.7555ms)
  Γ£ö retrying the same client_key updates instead of duplicating (1034.9197ms)
  Γ£ö updates a legacy row by server id when no client_key is present (854.5763ms)
  Γ£ö rejects a new delivery to an Inactive shop but allows keeping an existing one (1005.9272ms)
  Γ£ö enforces Step 3 pickup capacity (birds + mortality) (662.1034ms)
  Γ£ö enforces Step 3 pickup capacity (weight + mortality weight) (666.5716ms)
  Γ£ö a box may hold MORE weight than the delivery; delivery may not exceed it (942.6995ms)
  Γ£ö rejects using a box already assigned to another shop delivery (686.7733ms)
  Γ£ö weight-mode per-box breakdown cannot exceed each box capacity (614.0336ms)
  Γ£ö rejects impossible negative values (375.8601ms)
  Γ£ö rejects saving deliveries before Step 3 (Pickup) provides capacity (452.1634ms)
  Γ£ö rejects saving deliveries on a soft-deleted trip (629.8358ms)
Γ£ö Step 4 per-shop persistence (saveDeliveries) (9339.6538ms)
Γû╢ Step 4 timestamp semantics
  Γ£ö Save Progress never captures the timestamp; submit captures once; edits keep it (1017.0161ms)
  Γ£ö final submit rejects an incomplete shop delivery (zero birds/weight) (372.9662ms)
Γ£ö Step 4 timestamp semantics (1390.6904ms)
Γû╢ Step 4 API endpoint (PUT /trips/:id/deliveries)
  Γ£ö returns the hydrated trip with the saved delivery and KPIs (466.1245ms)
Γ£ö Step 4 API endpoint (PUT /trips/:id/deliveries) (466.6031ms)
Γû╢ Orders partial-delivery integrity
  Γ£ö persists equal partial captures and rejects capture totals above assignment (961.8153ms)
  Γ£ö rejects a second vehicle assignment above the collected shop balance (1397.1808ms)
Γ£ö Orders partial-delivery integrity (2359.7356ms)
Error: read ECONNRESET
    at TCP.onStreamRead (node:internal/stream_base_commons:216:20) {
  errno: -4077,
  code: 'ECONNRESET',
  syscall: 'read'
}
Error: read ECONNRESET
    at TCP.onStreamRead (node:internal/stream_base_commons:216:20) {
  errno: -4077,
  code: 'ECONNRESET',
  syscall: 'read'
}
Γû╢ Trip authentication and IDOR protection
  Γ£ö rejects anonymous Trip methods and invalid credentials (452.8323ms)
  Γ£ö second login ends the previous session for the same account (463.4897ms)
  Γ£ö allows assigned Supervisor access and hides other trips (132.5488ms)
  Γ£ö allows Senior Account viewing but not deletion (62.5885ms)
  Γ£ö logout revokes the server session (817.5412ms)
  Γ£ö rejects revoked bearer sessions (795.4829ms)
  Γ£ö rejects expired sessions (826.634ms)
  Γ£ö ignores client-supplied roles, users and employee IDs (10.7027ms)
  Γ£ö allows Owner access through the same authorization layer (57.7449ms)
  Γ£ö hides another Supervisor's delivery mutation behind the Trip boundary (16.4265ms)
Γ£ö Trip authentication and IDOR protection (4730.946ms)
Error: read ECONNRESET
    at TCP.onStreamRead (node:internal/stream_base_commons:216:20) {
  errno: -4077,
  code: 'ECONNRESET',
  syscall: 'read'
}
Error: read ECONNRESET
    at TCP.onStreamRead (node:internal/stream_base_commons:216:20) {
  errno: -4077,
  code: 'ECONNRESET',
  syscall: 'read'
}
Γû╢ Trip Delivery capacity validation (birds)
  Γ£ö accepts exactly-at-capacity, below-capacity; rejects one-over (1226.3984ms)
  Γ£ö counts mortality toward the bird total (535.1117ms)
  Γ£ö accepts zero birds; rejects negative birds (455.2177ms)
  Γ£ö rejects a non-integer (decimal) bird count (294.3853ms)
  Γ£ö sums birds across multiple shops on the same submission (607.2972ms)
  Γ£ö editing (resubmitting) an existing delivery set re-validates the new total (588.9125ms)
  Γ£ö two concurrent delivery submissions for the same trip never crash and each is individually capacity-valid (646.4884ms)
Γ£ö Trip Delivery capacity validation (birds) (4360.0309ms)
Γû╢ Trip Delivery capacity validation (weight)
  Γ£û accepts exactly-at-capacity, below-capacity; rejects one-over (696.5233ms)
  Γ£û sums weight across multiple shops; accepts NUMERIC(12,3) decimal precision (436.1847ms)
  Γ£ö editing an existing delivery set re-validates the new weight total (405.9549ms)
  Γ£ö accepts zero weight; rejects negative weight (406.1313ms)
  Γ£ö two concurrent updates to the same trip's deliveries never crash and leave a valid single-submission state (323.7427ms)
  Γ£ö combined birds+weight failure: both invalid together leaves the DB row unchanged (atomicity) (401.6454ms)
Γ£û Trip Delivery capacity validation (weight) (2672.0135ms)
Γû╢ Trip 52 regression ΓÇö the exact scenario that was previously accepted is now rejected
  Γ£ö 100 loaded birds, 2000 attempted -> 422, without touching Trip 52 itself (307.6628ms)
Γ£ö Trip 52 regression ΓÇö the exact scenario that was previously accepted is now rejected (308.7186ms)
Error: read ECONNRESET
    at TCP.onStreamRead (node:internal/stream_base_commons:216:20) {
  errno: -4077,
  code: 'ECONNRESET',
  syscall: 'read'
}
Γû╢ Trip List eligibility
  Γ£ö returns only completed/approved trips (excludes Draft, Pending) (51.8226ms)
  Γ£ö excludes every deleted trip, including legacy inconsistent states (25.2543ms)
  Γ£ö direct API request is the only source ΓÇö refresh yields identical results (60.7041ms)
Error: read ECONNRESET
    at TCP.onStreamRead (node:internal/stream_base_commons:216:20) {
  errno: -4077,
  code: 'ECONNRESET',
  syscall: 'read'
}
Error: read ECONNRESET
    at TCP.onStreamRead (node:internal/stream_base_commons:216:20) {
  errno: -4077,
  code: 'ECONNRESET',
  syscall: 'read'
}
  Γ£ö a second server instance (backend restart / new machine) sees the same data (2451.0529ms)
Γ£ö Trip List eligibility (4500.6605ms)
Γû╢ Trip List filters and pagination
  Γ£ö search never surfaces non-eligible trips (70.8854ms)
  Γ£ö date-range filter is enforced server-side (23.1367ms)
  Γ£ö vehicle filter is enforced server-side (25.9493ms)
  Γ£ö supervisor, driver and farm filters are enforced server-side (66.1403ms)
  Γ£ö pagination returns correct totals and pages (45.4054ms)
Γ£ö Trip List filters and pagination (233.5081ms)
Γû╢ Trip List detail endpoint
  Γ£ö returns full detail for an eligible trip (135.3672ms)
  Γ£ö returns 404 for Draft, Pending and Deleted trips (77.2137ms)
Γ£ö Trip List detail endpoint (213.3212ms)
Γû╢ Deleted trips stay deleted
  Γ£ö status PATCH cannot restore a deleted trip (20.7272ms)
  Γ£ö status PATCH cannot restore a flag-deleted trip (legacy state) (18.0346ms)
  Γ£ö autosave cannot modify a deleted trip (24.6948ms)
  Γ£ö saving a new trip with status Deleted persists both status and flag (115.4641ms)
Γ£ö Deleted trips stay deleted (179.8684ms)
Error: read ECONNRESET
    at TCP.onStreamRead (node:internal/stream_base_commons:216:20) {
  errno: -4077,
  code: 'ECONNRESET',
  syscall: 'read'
}
Error: read ECONNRESET
    at TCP.onStreamRead (node:internal/stream_base_commons:216:20) {
  errno: -4077,
  code: 'ECONNRESET',
  syscall: 'read'
}
Γ£ö meter lock sends PostgreSQL an ISO timestamptz instead of a GMT+0530 Date string (18.0701ms)
Γû╢ trip multi-load (same Draft trip)
  Γ£ö Recent Trips counts Step 2 loads and totals only Step 4 submitted loads (2500.9884ms)
  Γ£ö single-load trip still completes through expenses (1041.4092ms)
  Γ£ö rejects load-2 farm meter Γëñ diesel meter; accepts higher; expenses need all loads (1941.9454ms)
  Γ£ö allows four loads and cannot add a 5th load (2551.0536ms)
  Γ£ö closes only the latest accidentally opened empty load (461.8575ms)
  Γ£ö blocks expenses while a load is incomplete (390.0061ms)
Γ£ö trip multi-load (same Draft trip) (8894.9412ms)
Γû╢ trip numbering by selected date
  Γ£ö formats TR-YYYYMMDD-NNN from business date + sequence (3.8758ms)
  Γ£ö rejects invalid / out-of-range trip dates (55.3824ms)
  Γ£ö allocates next number for a selected past date across draft/pending/completed/deleted (1400.3762ms)
  Γ£ö uses an independent sequence per selected date (533.8584ms)
  Γ£ö re-numbers an existing trip when Step 1 changes its date (816.5496ms)
  Γ£ö preview next-number API matches create allocation rule (385.1715ms)
  Γ£ö POST /steps/start assigns number from selected body.tripDate (297.158ms)
Γ£ö trip numbering by selected date (3497.5725ms)
Error: read ECONNRESET
    at TCP.onStreamRead (node:internal/stream_base_commons:216:20) {
  errno: -4077,
  code: 'ECONNRESET',
  syscall: 'read'
}
Error: read ECONNRESET
    at TCP.onStreamRead (node:internal/stream_base_commons:216:20) {
  errno: -4077,
  code: 'ECONNRESET',
  syscall: 'read'
}
Γû╢ Trip step boundary validation
  Γ£ö rejects invalid dates, non-positive IDs, missing crew and duplicate crew (26.6277ms)
  Γ£ö accepts a complete Step 1 payload with a selectable business date (3.0859ms)
  Γ£û requires Step 2 address, bird type and a valid non-zero GPS location (7.2684ms)
  Γ£ö requires positive shop and bird-type IDs on final Step 4 submission (2.3622ms)
  Γ£ö ignores pending [ORDER] plan stubs when submitting Step 4 (1.4367ms)
  Γ£ö allows Step 5 expenses submit without client endTime (server stamps it) (1.0863ms)
Γ£û Trip step boundary validation (47.2529ms)
Γä╣ tests 255
Γä╣ suites 52
Γä╣ pass 250
Γä╣ fail 5
Γä╣ cancelled 0
Γä╣ skipped 0
Γä╣ todo 0
Γä╣ duration_ms 116332.164

Γ£û failing tests:

test at tests\rateEntryShopSales.test.ts:2:9066
Γ£û an identical (trip, shop, birds, weight) create is rejected as a duplicate (419.5974ms)
  AssertionError [ERR_ASSERTION]: {"error":"Trip TR-20260709-001 has no locked Rate Entry ΓÇö Shop Sales requires the trip's Rate Entry to be saved & locked first.","message":"Trip TR-20260709-001 has no locked Rate Entry ΓÇö Shop Sales requires the trip's Rate Entry to be saved & locked first.","requestId":"b74a2a46-bcac-4eaf-bc3c-3d94a0435c41"}
  
  409 !== 201
  
      at TestContext.<anonymous> (D:\Development\DMR-Poultries-ERP\backend\tests\rateEntryShopSales.test.ts:494:12)
      at process.processTicksAndRejections (node:internal/process/task_queues:104:5)
      at async Test.run (node:internal/test_runner/test:1404:7)
      at async Promise.all (index 0)
      at async Suite.run (node:internal/test_runner/test:1889:7)
      at async Test.processPendingSubtests (node:internal/test_runner/test:969:7) {
    generatedMessage: false,
    code: 'ERR_ASSERTION',
    actual: 409,
    expected: 201,
    operator: 'strictEqual',
    diff: 'simple'
  }

test at tests\shopSalesFlow.test.ts:2:6084
Γ£û 11. Trip List delivery row reflects new birds/weight/rate/amount after Shop Sales edit (263.9609ms)
  AssertionError [ERR_ASSERTION]: Trip List detail must include the delivery
      at TestContext.<anonymous> (D:\Development\DMR-Poultries-ERP\backend\tests\shopSalesFlow.test.ts:406:12)
      at process.processTicksAndRejections (node:internal/process/task_queues:104:5)
      at async Test.run (node:internal/test_runner/test:1404:7)
      at async Promise.all (index 0)
      at async Suite.run (node:internal/test_runner/test:1889:7)
      at async Test.processPendingSubtests (node:internal/test_runner/test:969:7) {
    generatedMessage: false,
    code: 'ERR_ASSERTION',
    actual: undefined,
    expected: true,
    operator: '==',
    diff: 'simple'
  }

test at tests\tripDeliveryCapacity.test.ts:1:7509
Γ£û accepts exactly-at-capacity, below-capacity; rejects one-over (696.5233ms)
  AssertionError [ERR_ASSERTION]: Missing expected rejection.
      at process.processTicksAndRejections (node:internal/process/task_queues:104:5)
      at async TestContext.<anonymous> (D:\Development\DMR-Poultries-ERP\backend\tests\tripDeliveryCapacity.test.ts:296:5)
      at async Test.run (node:internal/test_runner/test:1404:7)
      at async Promise.all (index 0)
      at async Suite.run (node:internal/test_runner/test:1889:7)
      at async Test.processPendingSubtests (node:internal/test_runner/test:969:7) {
    generatedMessage: false,
    code: 'ERR_ASSERTION',
    actual: undefined,
    expected: /exceed/i,
    operator: 'rejects',
    diff: 'simple'
  }

test at tests\tripDeliveryCapacity.test.ts:1:8354
Γ£û sums weight across multiple shops; accepts NUMERIC(12,3) decimal precision (436.1847ms)
  AssertionError [ERR_ASSERTION]: Expected values to be strictly equal:
  
  66.33 !== 66.333
  
      at TestContext.<anonymous> (D:\Development\DMR-Poultries-ERP\backend\tests\tripDeliveryCapacity.test.ts:319:12)
      at process.processTicksAndRejections (node:internal/process/task_queues:104:5)
      at async Test.run (node:internal/test_runner/test:1404:7)
      at async Suite.processPendingSubtests (node:internal/test_runner/test:969:7) {
    generatedMessage: true,
    code: 'ERR_ASSERTION',
    actual: 66.33,
    expected: 66.333,
    operator: 'strictEqual',
    diff: 'simple'
  }

test at tests\tripValidation.test.ts:1:1257
Γ£û requires Step 2 address, bird type and a valid non-zero GPS location (7.2684ms)
  AssertionError [ERR_ASSERTION]: Missing expected exception.
      at TestContext.<anonymous> (D:\Development\DMR-Poultries-ERP\backend\tests\tripValidation.test.ts:51:12)
      at Test.runInAsyncScope (node:async_hooks:226:14)
      at Test.run (node:internal/test_runner/test:1397:25)
      at Suite.processPendingSubtests (node:internal/test_runner/test:969:18)
      at Test.postRun (node:internal/test_runner/test:1537:19)
      at Test.run (node:internal/test_runner/test:1462:12)
      at async Suite.processPendingSubtests (node:internal/test_runner/test:969:7) {
    generatedMessage: false,
    code: 'ERR_ASSERTION',
    actual: undefined,
    expected: undefined,
    operator: 'throws',
    diff: 'simple'
  }

